
% Entries for the winfonts bundle 

rmalr8t arial.ttf Encoding=tex256.enc 
rmalri8t ariali.ttf Encoding=tex256.enc 
rmalb8t arialbd.ttf Encoding=tex256.enc 
rmalbi8t arialbi.ttf Encoding=tex256.enc 
rmalc8t arialbd.ttf Encoding=tex256.enc 
rjo5r8t comic.ttf Encoding=tex256.enc 
rjo5b8t comicbd.ttf Encoding=tex256.enc 
rmcrr8t cour.ttf Encoding=tex256.enc 
rmcrb8t courbd.ttf Encoding=tex256.enc 
rifgr8t framd.ttf Encoding=tex256.enc 
rifgri8t framdit.ttf Encoding=tex256.enc 
rjgir8t georgia.ttf Encoding=tex256.enc 
rjgiri8t georgiai.ttf Encoding=tex256.enc 
rjgib8t georgiab.ttf Encoding=tex256.enc 
rjgibi8t georgiaz.ttf Encoding=tex256.enc 
rmicr8t impact.ttf Encoding=tex256.enc 
rjybr8t sylfaen.ttf Encoding=tex256.enc 
rjthr8t tahoma.ttf Encoding=tex256.enc 
rjthb8t tahomabd.ttf Encoding=tex256.enc 
rmtmr8t times.ttf Encoding=tex256.enc 
rmtmri8t timesi.ttf Encoding=tex256.enc 
rmtmb8t timesbd.ttf Encoding=tex256.enc 
rmtmbi8t timesbi.ttf Encoding=tex256.enc 
rjtrr8t trebuc.ttf Encoding=tex256.enc 
rjtrri8t trebucit.ttf Encoding=tex256.enc 
rjtrb8t trebucbd.ttf Encoding=tex256.enc 
rjtrbi8t trebucbi.ttf Encoding=tex256.enc 
rjvnr8t verdana.ttf Encoding=tex256.enc 
rjvnri8t verdanai.ttf Encoding=tex256.enc 
rjvnb8t verdanab.ttf Encoding=tex256.enc 
rjvnbi8t verdanaz.ttf Encoding=tex256.enc 
rmalr8c arial.ttf Encoding=ts1-winfonts.enc 
rmalri8c ariali.ttf Encoding=ts1-winfonts.enc 
rmalb8c arialbd.ttf Encoding=ts1-winfonts.enc 
rmalbi8c arialbi.ttf Encoding=ts1-winfonts.enc 
rmalc8c arialbd.ttf Encoding=ts1-winfonts.enc 
rjo5r8c comic.ttf Encoding=ts1-winfonts.enc 
rjo5b8c comicbd.ttf Encoding=ts1-winfonts.enc 
rmcrr8c cour.ttf Encoding=ts1-winfonts.enc 
rmcrb8c courbd.ttf Encoding=ts1-winfonts.enc 
rifgr8c framd.ttf Encoding=ts1-winfonts.enc 
rifgri8c framdit.ttf Encoding=ts1-winfonts.enc 
rjgir8c georgia.ttf Encoding=ts1-winfonts.enc 
rjgiri8c georgiai.ttf Encoding=ts1-winfonts.enc 
rjgib8c georgiab.ttf Encoding=ts1-winfonts.enc 
rjgibi8c georgiaz.ttf Encoding=ts1-winfonts.enc 
rmicr8c impact.ttf Encoding=ts1-winfonts.enc 
rjybr8c sylfaen.ttf Encoding=ts1-winfonts.enc 
rjthr8c tahoma.ttf Encoding=ts1-winfonts.enc 
rjthb8c tahomabd.ttf Encoding=ts1-winfonts.enc 
rmtmr8c times.ttf Encoding=ts1-winfonts.enc 
rmtmri8c timesi.ttf Encoding=ts1-winfonts.enc 
rmtmb8c timesbd.ttf Encoding=ts1-winfonts.enc 
rmtmbi8c timesbi.ttf Encoding=ts1-winfonts.enc 
rjtrr8c trebuc.ttf Encoding=ts1-winfonts.enc 
rjtrri8c trebucit.ttf Encoding=ts1-winfonts.enc 
rjtrb8c trebucbd.ttf Encoding=ts1-winfonts.enc 
rjtrbi8c trebucbi.ttf Encoding=ts1-winfonts.enc 
rjvnr8c verdana.ttf Encoding=ts1-winfonts.enc 
rjvnri8c verdanai.ttf Encoding=ts1-winfonts.enc 
rjvnb8c verdanab.ttf Encoding=ts1-winfonts.enc 
rjvnbi8c verdanaz.ttf Encoding=ts1-winfonts.enc 
rlplr8t pala.ttf Encoding=tex256-pala-pk.enc 
rlplri8t palai.ttf Encoding=tex256-pala-pk.enc 
rlplb8t palab.ttf Encoding=tex256-pala-pk.enc 
rlplbi8t palabi.ttf Encoding=tex256-pala-pk.enc 
rlplrc8t pala.ttf Encoding=tex256cj-pala-pk.enc 
rlplric8t palai.ttf Encoding=tex256cj-pala-pk.enc 
rlplbc8t palab.ttf Encoding=tex256cj-pala-pk.enc 
rlplbic8t palabi.ttf Encoding=tex256cj-pala-pk.enc 
rlplr8c pala.ttf Encoding=ts1-winfonts-pala-pk.enc 
rlplri8c palai.ttf Encoding=ts1-winfonts-pala-pk.enc 
rlplb8c palab.ttf Encoding=ts1-winfonts-pala-pk.enc 
rlplbi8c palabi.ttf Encoding=ts1-winfonts-pala-pk.enc 
wingding wingding.ttf Encoding=wingding.enc PS=Only
webdings webdings.ttf Encoding=webdings.enc PS=Only
